coq_partition (alectryon.literate)
Doctest: alectryon.literate.coq_partition ... ok
add_tokens (alectryon.pygments)
Doctest: alectryon.pygments.add_tokens ... ok
highlight_html (alectryon.pygments)
Doctest: alectryon.pygments.highlight_html ... ok
annotate (alectryon.serapi)
Doctest: alectryon.serapi.annotate ... ok

----------------------------------------------------------------------
Ran 4 tests

OK
